[     1s] player-games (81792, 31) zero rows added 9152
[    10s] hyperparameters chosen on 2016-2019: {'halflife': 6.0, 'season_carry': 0.35, 'shrink_k': 2.0}
 halflife  season_carry  shrink_k  mae_receiving_yards  mae_targets  mae_receptions  mae_rushing_yards  mae_carries  mae_passing_yards  mae_attempts  mae_passing_tds    score
      6.0          0.35       2.0            24.572051     2.349860        1.732135          26.005390     4.625636          62.042136      7.272414         0.931195 1.006254
      4.0          0.60       2.0            24.532521     2.351160        1.731966          25.988509     4.623308          62.098605      7.290260         0.931004 1.006363
      6.0          0.60       2.0            24.456022     2.345349        1.726813          26.168345     4.654326          62.056107      7.289316         0.929330 1.006677
      9.0          0.35       2.0            24.523386     2.345040        1.728836          26.164544     4.651684          62.019976      7.270321         0.930327 1.006791
      4.0          0.35       2.0            24.642737     2.363552        1.738908          25.870810     4.613968          62.084402      7.283189         0.933095 1.007394
      3.0          0.60       2.0            24.586165     2.361247        1.736750          25.956838     4.630032          62.124699      7.298706         0.932870 1.008001
      9.0          0.60       5.0            24.507172     2.397296        1.732201          25.928102     4.805955          61.451107      7.175111         0.930392 1.009959
      3.0          0.35       2.0            24.700797     2.375824        1.744059          25.902662     4.640877          62.126772      7.295798         0.934833 1.010141
      9.0          0.60       2.0            24.517805     2.348361        1.728855          26.440935     4.711557          62.049768      7.297112         0.928941 1.010248
      6.0          0.60       5.0            24.554560     2.419895        1.739366          25.761192     4.809570          61.633011      7.194364         0.931851 1.012112
      9.0          0.35       5.0            24.604120     2.429906        1.744564          25.747779     4.806445          61.544357      7.184280         0.932679 1.012881
      6.0          0.35       5.0            24.708805     2.450473        1.752944          25.711329     4.841667          61.733266      7.206004         0.933937 1.016828
      4.0          0.60       5.0            24.659999     2.447463        1.749402          25.760068     4.849212          61.941864      7.226922         0.933876 1.017384
      4.0          0.35       5.0            24.819101     2.475535        1.758708          25.740436     4.877835          62.051624      7.238810         0.935865 1.021745
      3.0          0.60       5.0            24.801469     2.474903        1.757872          25.696729     4.882343          62.272423      7.257790         0.935906 1.022255
      3.0          0.35       5.0            24.960064     2.500734        1.767049          25.711094     4.907118          62.384814      7.267271         0.937777 1.026494
[    11s] research table (63940, 59)
[    11s] == attempts QB count thresholds [15, 20, 25, 30, 35, 40, 45, 50]
[    11s]   attempts season 2020: train 2048 test 507 elig 507 mae_mu 7.24 mae_ewma 7.53
[    11s]   attempts season 2021: train 2555 test 539 elig 539 mae_mu 6.87 mae_ewma 7.29
[    11s]   attempts season 2022: train 3094 test 538 elig 538 mae_mu 7.09 mae_ewma 7.05
[    11s]   attempts season 2023: train 3632 test 544 elig 544 mae_mu 6.59 mae_ewma 7.09
[    12s]   attempts season 2024: train 4176 test 513 elig 513 mae_mu 6.94 mae_ewma 7.29
[    12s]   attempts season 2025: train 4689 test 537 elig 537 mae_mu 6.98 mae_ewma 7.01
[    12s]    chosen scale_emp_binned: elig brier 0.1188 crps 4.935 tail ratio 1.329
[    12s] == completions QB count thresholds [10, 15, 20, 25, 30, 35]
[    13s]   completions season 2020: train 2048 test 507 elig 507 mae_mu 5.17 mae_ewma 5.44
[    14s]   completions season 2021: train 2555 test 539 elig 539 mae_mu 4.96 mae_ewma 5.24
[    15s]   completions season 2022: train 3094 test 538 elig 538 mae_mu 4.83 mae_ewma 4.88
[    16s]   completions season 2023: train 3632 test 544 elig 544 mae_mu 4.77 mae_ewma 5.14
[    17s]   completions season 2024: train 4176 test 513 elig 513 mae_mu 4.89 mae_ewma 5.17
[    18s]   completions season 2025: train 4689 test 537 elig 537 mae_mu 4.74 mae_ewma 4.89
[    18s]    chosen normal: elig brier 0.1132 crps 3.485 tail ratio 1.164
[    18s] == passing_yards QB yards thresholds [150, 175, 200, 225, 250, 275, 300, 325, 350, 375, 400]
[    19s]   passing_yards season 2020: train 2048 test 507 elig 507 mae_mu 62.69 mae_ewma 65.52
[    20s]   passing_yards season 2021: train 2555 test 539 elig 539 mae_mu 59.08 mae_ewma 62.44
[    21s]   passing_yards season 2022: train 3094 test 538 elig 538 mae_mu 56.22 mae_ewma 57.65
[    22s]   passing_yards season 2023: train 3632 test 544 elig 544 mae_mu 60.04 mae_ewma 62.87
[    25s]   passing_yards season 2024: train 4176 test 513 elig 513 mae_mu 59.97 mae_ewma 62.59
[    26s]   passing_yards season 2025: train 4689 test 537 elig 537 mae_mu 58.33 mae_ewma 60.52
[    26s]    chosen normal: elig brier 0.1353 crps 42.190 tail ratio 1.305
[    26s] == passing_tds QB td thresholds [1, 2, 3]
[    27s]   passing_tds season 2020: train 2048 test 507 elig 507 mae_mu 0.93 mae_ewma 0.94
[    35s]   passing_tds season 2021: train 2555 test 539 elig 539 mae_mu 0.89 mae_ewma 0.90
[    43s]   passing_tds season 2022: train 3094 test 538 elig 538 mae_mu 0.84 mae_ewma 0.85
[    44s]   passing_tds season 2023: train 3632 test 544 elig 544 mae_mu 0.83 mae_ewma 0.85
[    45s]   passing_tds season 2024: train 4176 test 513 elig 513 mae_mu 0.91 mae_ewma 0.93
[    46s]   passing_tds season 2025: train 4689 test 537 elig 537 mae_mu 0.90 mae_ewma 0.95
[    46s]    chosen poisson: elig brier 0.1771 crps 0.590 tail ratio None
[    46s] == interceptions QB td thresholds [1, 2]
[    47s]   interceptions season 2020: train 2048 test 507 elig 507 mae_mu 0.69 mae_ewma 0.70
[    48s]   interceptions season 2021: train 2555 test 539 elig 539 mae_mu 0.74 mae_ewma 0.75
[    49s]   interceptions season 2022: train 3094 test 538 elig 538 mae_mu 0.71 mae_ewma 0.73
[    50s]   interceptions season 2023: train 3632 test 544 elig 544 mae_mu 0.71 mae_ewma 0.71
[    51s]   interceptions season 2024: train 4176 test 513 elig 513 mae_mu 0.72 mae_ewma 0.71
[    52s]   interceptions season 2025: train 4689 test 537 elig 537 mae_mu 0.68 mae_ewma 0.67
[    52s]    chosen negbin: elig brier 0.1940 crps 0.432 tail ratio None
[    52s] == qb_rushing_yards QB yards thresholds [20, 30, 40, 50, 60, 70, 80, 90, 100]
[    53s]   qb_rushing_yards season 2020: train 2048 test 507 elig 507 mae_mu 11.59 mae_ewma 11.55
[    54s]   qb_rushing_yards season 2021: train 2555 test 539 elig 539 mae_mu 11.47 mae_ewma 11.40
[    54s]   qb_rushing_yards season 2022: train 3094 test 538 elig 538 mae_mu 12.53 mae_ewma 12.33
[    55s]   qb_rushing_yards season 2023: train 3632 test 544 elig 544 mae_mu 11.93 mae_ewma 11.47
[    56s]   qb_rushing_yards season 2024: train 4176 test 513 elig 513 mae_mu 12.80 mae_ewma 12.71
[    57s]   qb_rushing_yards season 2025: train 4689 test 537 elig 537 mae_mu 11.67 mae_ewma 11.54
[    57s]    chosen scale_emp_binned: elig brier 0.0613 crps 8.280 tail ratio 1.076
[    57s] == targets REC count thresholds [1, 2, 3, 4, 5, 6, 7, 8, 9, 10, 11, 12]
[    57s]   targets season 2020: train 21755 test 5674 elig 2485 mae_mu 1.82 mae_ewma 1.81
[    58s]   targets season 2021: train 27429 test 6027 elig 2563 mae_mu 1.82 mae_ewma 1.80
[    59s]   targets season 2022: train 33456 test 5995 elig 2473 mae_mu 1.79 mae_ewma 1.75
[    60s]   targets season 2023: train 39451 test 5988 elig 2483 mae_mu 1.76 mae_ewma 1.71
[    62s]   targets season 2024: train 45439 test 6017 elig 2401 mae_mu 1.74 mae_ewma 1.72
[    63s]   targets season 2025: train 51456 test 6073 elig 2399 mae_mu 1.69 mae_ewma 1.67
[    63s]    chosen scale_emp_binned: elig brier 0.1272 crps 1.654 tail ratio 1.428
[    63s] == receptions REC count thresholds [1, 2, 3, 4, 5, 6, 7, 8, 9, 10]
[    71s]   receptions season 2020: train 21755 test 5674 elig 2485 mae_mu 1.37 mae_ewma 1.36
[    77s]   receptions season 2021: train 27429 test 6027 elig 2563 mae_mu 1.37 mae_ewma 1.34
[    86s]   receptions season 2022: train 33456 test 5995 elig 2473 mae_mu 1.35 mae_ewma 1.32
[    94s]   receptions season 2023: train 39451 test 5988 elig 2483 mae_mu 1.33 mae_ewma 1.29
[   103s]   receptions season 2024: train 45439 test 6017 elig 2401 mae_mu 1.31 mae_ewma 1.29
[   112s]   receptions season 2025: train 51456 test 6073 elig 2399 mae_mu 1.26 mae_ewma 1.25
[   112s]    chosen scale_emp_binned: elig brier 0.1184 crps 1.238 tail ratio 1.565
[   112s] == receiving_yards REC yards thresholds [20, 30, 40, 50, 60, 70, 80, 90, 100, 110, 120, 130, 140, 150]
[   120s]   receiving_yards season 2020: train 21755 test 5674 elig 2485 mae_mu 16.53 mae_ewma 17.35
[   129s]   receiving_yards season 2021: train 27429 test 6027 elig 2563 mae_mu 16.16 mae_ewma 17.15
[   137s]   receiving_yards season 2022: train 33456 test 5995 elig 2473 mae_mu 15.76 mae_ewma 16.76
[   147s]   receiving_yards season 2023: train 39451 test 5988 elig 2483 mae_mu 15.61 mae_ewma 16.71
[   156s]   receiving_yards season 2024: train 45439 test 6017 elig 2401 mae_mu 15.11 mae_ewma 16.35
[   166s]   receiving_yards season 2025: train 51456 test 6073 elig 2399 mae_mu 14.80 mae_ewma 15.95
[   166s]    chosen scale_emp_binned: elig brier 0.1009 crps 16.308 tail ratio 1.087
[   166s] == receiving_tds REC td thresholds [1, 2, 3]
[   174s]   receiving_tds season 2020: train 21755 test 5674 elig 2485 mae_mu 0.23 mae_ewma 0.24
[   181s]   receiving_tds season 2021: train 27429 test 6027 elig 2563 mae_mu 0.22 mae_ewma 0.23
[   189s]   receiving_tds season 2022: train 33456 test 5995 elig 2473 mae_mu 0.21 mae_ewma 0.21
[   200s]   receiving_tds season 2023: train 39451 test 5988 elig 2483 mae_mu 0.20 mae_ewma 0.21
[   210s]   receiving_tds season 2024: train 45439 test 6017 elig 2401 mae_mu 0.21 mae_ewma 0.21
[   220s]   receiving_tds season 2025: train 51456 test 6073 elig 2399 mae_mu 0.21 mae_ewma 0.22
[   220s]    chosen negbin: elig brier 0.0642 crps 0.193 tail ratio 0.975
[   220s] == carries RB count thresholds [4, 6, 8, 10, 12, 14, 16, 18, 20, 22, 24]
[   221s]   carries season 2020: train 5964 test 1569 elig 898 mae_mu 4.03 mae_ewma 4.04
[   221s]   carries season 2021: train 7533 test 1605 elig 926 mae_mu 4.16 mae_ewma 4.15
[   221s]   carries season 2022: train 9138 test 1647 elig 905 mae_mu 3.89 mae_ewma 3.87
[   222s]   carries season 2023: train 10785 test 1550 elig 888 mae_mu 3.89 mae_ewma 3.94
[   222s]   carries season 2024: train 12335 test 1600 elig 892 mae_mu 3.77 mae_ewma 3.85
[   222s]   carries season 2025: train 13935 test 1611 elig 900 mae_mu 3.72 mae_ewma 3.70
[   222s]    chosen scale_emp_binned: elig brier 0.1313 crps 3.179 tail ratio 1.428
[   222s] == rushing_yards RB yards thresholds [20, 30, 40, 50, 60, 70, 80, 90, 100, 110, 120, 130, 140, 150]
[   225s]   rushing_yards season 2020: train 5964 test 1569 elig 898 mae_mu 20.21 mae_ewma 21.40
[   228s]   rushing_yards season 2021: train 7533 test 1605 elig 926 mae_mu 19.76 mae_ewma 20.94
[   231s]   rushing_yards season 2022: train 9138 test 1647 elig 905 mae_mu 19.77 mae_ewma 20.98
[   233s]   rushing_yards season 2023: train 10785 test 1550 elig 888 mae_mu 19.01 mae_ewma 20.19
[   237s]   rushing_yards season 2024: train 12335 test 1600 elig 892 mae_mu 19.54 mae_ewma 20.90
[   240s]   rushing_yards season 2025: train 13935 test 1611 elig 900 mae_mu 18.97 mae_ewma 20.36
[   240s]    chosen scale_emp_binned: elig brier 0.1125 crps 17.418 tail ratio 1.11
[   240s] == rushing_tds RB td thresholds [1, 2, 3]
[   242s]   rushing_tds season 2020: train 5964 test 1569 elig 898 mae_mu 0.33 mae_ewma 0.34
[   244s]   rushing_tds season 2021: train 7533 test 1605 elig 926 mae_mu 0.33 mae_ewma 0.33
[   260s]   rushing_tds season 2022: train 9138 test 1647 elig 905 mae_mu 0.31 mae_ewma 0.32
[   263s]   rushing_tds season 2023: train 10785 test 1550 elig 888 mae_mu 0.31 mae_ewma 0.31
[   266s]   rushing_tds season 2024: train 12335 test 1600 elig 892 mae_mu 0.31 mae_ewma 0.32
[   290s]   rushing_tds season 2025: train 13935 test 1611 elig 900 mae_mu 0.33 mae_ewma 0.34
[   290s]    chosen negbin: elig brier 0.0838 crps 0.252 tail ratio 0.933
[   290s] == anytime_td SKILL td thresholds [1, 2, 3]
[   296s]   anytime_td season 2020: train 21755 test 5674 elig 1843 mae_mu 0.32 mae_ewma 0.32
[   304s]   anytime_td season 2021: train 27429 test 6027 elig 1919 mae_mu 0.31 mae_ewma 0.31
[   355s]   anytime_td season 2022: train 33456 test 5995 elig 1830 mae_mu 0.29 mae_ewma 0.30
[   365s]   anytime_td season 2023: train 39451 test 5988 elig 1849 mae_mu 0.28 mae_ewma 0.28
[   435s]   anytime_td season 2024: train 45439 test 6017 elig 1746 mae_mu 0.29 mae_ewma 0.29
[   444s]   anytime_td season 2025: train 51456 test 6073 elig 1733 mae_mu 0.29 mae_ewma 0.30
[   444s]    chosen negbin: elig brier 0.0908 crps 0.275 tail ratio 1.036
[   444s] done
