ratings snapshots (9408, 25) 7s
game feature rows (4175, 127)
2014 {'n': 256, 'rmse_spread': 14.481, 'rmse_model': 14.858, 'rmse_resid': 14.557, 'rmse_blend50': 14.601, 'rmse_total_line': 13.06, 'rmse_model_total': 13.163, 'rmse_resid_total': 13.109, 'corr_model_spread': 0.886}
2015 {'n': 256, 'rmse_spread': 12.876, 'rmse_model': 13.086, 'rmse_resid': 12.937, 'rmse_blend50': 12.905, 'rmse_total_line': 13.331, 'rmse_model_total': 13.581, 'rmse_resid_total': 13.406, 'corr_model_spread': 0.877}
2016 {'n': 256, 'rmse_spread': 11.787, 'rmse_model': 11.997, 'rmse_resid': 11.811, 'rmse_blend50': 11.816, 'rmse_total_line': 12.428, 'rmse_model_total': 12.995, 'rmse_resid_total': 12.648, 'corr_model_spread': 0.847}
2017 {'n': 256, 'rmse_spread': 13.124, 'rmse_model': 13.753, 'rmse_resid': 13.228, 'rmse_blend50': 13.34, 'rmse_total_line': 14.155, 'rmse_model_total': 14.486, 'rmse_resid_total': 14.239, 'corr_model_spread': 0.844}
2018 {'n': 256, 'rmse_spread': 13.144, 'rmse_model': 13.359, 'rmse_resid': 13.129, 'rmse_blend50': 13.168, 'rmse_total_line': 13.465, 'rmse_model_total': 14.127, 'rmse_resid_total': 13.644, 'corr_model_spread': 0.874}
2019 {'n': 256, 'rmse_spread': 13.127, 'rmse_model': 13.493, 'rmse_resid': 13.188, 'rmse_blend50': 13.199, 'rmse_total_line': 13.429, 'rmse_model_total': 13.838, 'rmse_resid_total': 13.503, 'corr_model_spread': 0.868}
2020 {'n': 256, 'rmse_spread': 12.771, 'rmse_model': 13.081, 'rmse_resid': 12.847, 'rmse_blend50': 12.816, 'rmse_total_line': 12.85, 'rmse_model_total': 13.567, 'rmse_resid_total': 12.92, 'corr_model_spread': 0.87}
2021 {'n': 272, 'rmse_spread': 13.669, 'rmse_model': 14.108, 'rmse_resid': 13.644, 'rmse_blend50': 13.79, 'rmse_total_line': 13.282, 'rmse_model_total': 13.51, 'rmse_resid_total': 13.201, 'corr_model_spread': 0.88}
2022 {'n': 271, 'rmse_spread': 11.433, 'rmse_model': 11.609, 'rmse_resid': 11.413, 'rmse_blend50': 11.397, 'rmse_total_line': 13.228, 'rmse_model_total': 13.502, 'rmse_resid_total': 13.266, 'corr_model_spread': 0.821}
2023 {'n': 272, 'rmse_spread': 13.071, 'rmse_model': 13.547, 'rmse_resid': 13.099, 'rmse_blend50': 13.222, 'rmse_total_line': 13.13, 'rmse_model_total': 13.414, 'rmse_resid_total': 12.929, 'corr_model_spread': 0.859}
2024 {'n': 272, 'rmse_spread': 12.605, 'rmse_model': 13.087, 'rmse_resid': 12.623, 'rmse_blend50': 12.731, 'rmse_total_line': 12.552, 'rmse_model_total': 12.855, 'rmse_resid_total': 12.695, 'corr_model_spread': 0.808}
2025 {'n': 272, 'rmse_spread': 12.271, 'rmse_model': 12.897, 'rmse_resid': 12.324, 'rmse_blend50': 12.489, 'rmse_total_line': 13.186, 'rmse_model_total': 13.231, 'rmse_resid_total': 13.267, 'corr_model_spread': 0.869}
{
 "n": 3151,
 "rmse_spread": 12.880517369480556,
 "rmse_model": 13.26104299586786,
 "rmse_resid": 12.91741598049607,
 "mae_spread": 9.945890193589337,
 "mae_model": 10.311687577888975,
 "blend_rmse_by_model_weight": {
  "0.0": 12.880517369480556,
  "0.1": 12.884050290355981,
  "0.2": 12.895371447577073,
  "0.3": 12.914460359038705,
  "0.4": 12.941282651538465,
  "0.5": 12.975790368084363,
  "0.6": 13.017922391593967,
  "0.7": 13.067604976363818,
  "0.8": 13.124752376736312,
  "0.9": 13.18926756080999,
  "1.0": 13.26104299586786
 },
 "encompassing_coef_[const,spread,model]": [
  -0.10349112670465703,
  1.0137771206403419,
  0.034574502583604
 ],
 "ats_model_vs_spread": {
  "0.0": {
   "n": 3072,
   "hit": 0.5071614583333334,
   "ci95": [
    0.48948192006122915,
    0.5248409966054376
   ]
  },
  "1.0": {
   "n": 2230,
   "hit": 0.5062780269058296,
   "ci95": [
    0.4855270089003258,
    0.5270290449113334
   ]
  },
  "2.0": {
   "n": 1508,
   "hit": 0.4993368700265252,
   "ci95": [
    0.47410060829280504,
    0.5245731317602453
   ]
  },
  "3.0": {
   "n": 928,
   "hit": 0.5,
   "ci95": [
    0.46782992394936795,
    0.532170076050632
   ]
  },
  "4.0": {
   "n": 556,
   "hit": 0.48381294964028776,
   "ci95": [
    0.44227347760694896,
    0.5253524216736265
   ]
  }
 },
 "logloss_spread": 0.6123459974987375,
 "brier_spread": 0.21219825517304075,
 "logloss_model": 0.634006248174119,
 "brier_model": 0.2217693443840066,
 "logloss_resid": 0.6133228622696556,
 "brier_resid": 0.21263580199167775,
 "logloss_blend30": 0.6152839910583767,
 "brier_blend30": 0.21341146069673347,
 "rmse_spread_weeks_1_4": 13.176140251862792,
 "rmse_model_weeks_1_4": 13.448909870516554,
 "rmse_resid_weeks_1_4": 13.2006373060074,
 "rmse_spread_weeks_5_18": 12.785285458193401,
 "rmse_model_weeks_5_18": 13.200872629979852,
 "rmse_resid_weeks_5_18": 12.826240697450062,
 "rmse_total_line": 13.17900643928644,
 "rmse_model_total": 13.524125987319499,
 "rmse_resid_total": 13.238107484871922
}
