{
 "built_at": "2026-09-11T13:54:11.393076+00:00",
 "min_year": 1990,
 "cross_source_duplicates_dropped": 142827,
 "rows": 1624759,
 "quarantine_rows": 13729,
 "by_tour_level": {
  "ATP|CHALLENGER": 281713,
  "ATP|GRAND_SLAM": 30298,
  "ATP|ITF": 518952,
  "ATP|MASTERS_1000": 25535,
  "ATP|OLYMPICS": 70,
  "ATP|TEAM": 11471,
  "ATP|TOUR_500_250": 84846,
  "ATP|TOUR_FINALS": 556,
  "WTA|GRAND_SLAM": 30357,
  "WTA|ITF": 467977,
  "WTA|MASTERS_1000": 14736,
  "WTA|OLYMPICS": 572,
  "WTA|OTHER": 32351,
  "WTA|TEAM": 10176,
  "WTA|TOUR_500_250": 67015,
  "WTA|TOUR_FINALS": 506,
  "WTA|WTA_125": 47628
 },
 "by_id_system": {
  "sackmann": 1527723,
  "tml": 97036
 },
 "seasons": {
  "1990": 15737,
  "1991": 26201,
  "1992": 25270,
  "1993": 28141,
  "1994": 28491,
  "1995": 29560,
  "1996": 29915,
  "1997": 32095,
  "1998": 32620,
  "1999": 31992,
  "2000": 34483,
  "2001": 37801,
  "2002": 36772,
  "2003": 38380,
  "2004": 40828,
  "2005": 42945,
  "2006": 45055,
  "2007": 47228,
  "2008": 48495,
  "2009": 46883,
  "2010": 47150,
  "2011": 49579,
  "2012": 51396,
  "2013": 54416,
  "2014": 54967,
  "2015": 57381,
  "2016": 59641,
  "2017": 56289,
  "2018": 55686,
  "2019": 62517,
  "2020": 21873,
  "2021": 52913,
  "2022": 69429,
  "2023": 73151,
  "2024": 79627,
  "2025": 56342,
  "2026": 23510
 },
 "matches_sha256": "266dcfa9a0b87d1354193f874e159b00463479b2d553a2d29a548cf5e9d0df19"
}
sackmann_ATP_main OK 116251
sackmann_ATP_qual_chall OK 221217
sackmann_ATP_futures OK 521953
sackmann_WTA_main OK 99997
sackmann_WTA_qual_itf OK 571688
tml_ATP_main OK 114508
tml_ATP_challenger OK 121972
